// Jest Snapshot v1, https://goo.gl/fbAQLP

exports[`Testing Api component Displays films when mounted 1`] = `
<div>
  A New Hope
</div>
`;
